Loaded recomb map: 23976 positions, range 3533229-154781072 bp
Opening ancestral FASTA: /home/vanbruggenmit/mit-ihh-pib/data/grch38/raw/homo_sapiens_ancestor_GRCh38/homo_sapiens_ancestor_X.fa
Available chromosomes in FASTA: ['ANCESTOR_for_chromosome:GRCh38:X:1:156040895:1']...
...processed 100000 SNPs (kept 100000, skipped 33892)
...processed 200000 SNPs (kept 200000, skipped 40679)
...processed 300000 SNPs (kept 300000, skipped 46682)
...processed 400000 SNPs (kept 400000, skipped 51177)
...processed 500000 SNPs (kept 500000, skipped 55235)
...processed 600000 SNPs (kept 600000, skipped 61228)
...processed 700000 SNPs (kept 700000, skipped 69476)
...processed 800000 SNPs (kept 800000, skipped 73777)
...processed 900000 SNPs (kept 900000, skipped 90329)
...processed 1000000 SNPs (kept 1000000, skipped 158652)
...processed 1100000 SNPs (kept 1100000, skipped 167741)
...processed 1200000 SNPs (kept 1200000, skipped 176527)
...processed 1300000 SNPs (kept 1300000, skipped 193388)
...processed 1400000 SNPs (kept 1400000, skipped 197083)
...processed 1500000 SNPs (kept 1500000, skipped 203154)
...processed 1600000 SNPs (kept 1600000, skipped 214883)
...processed 1700000 SNPs (kept 1700000, skipped 220333)
...processed 1800000 SNPs (kept 1800000, skipped 226467)
...processed 1900000 SNPs (kept 1900000, skipped 230321)
...processed 2000000 SNPs (kept 2000000, skipped 237643)
...processed 2100000 SNPs (kept 2100000, skipped 243010)
...processed 2200000 SNPs (kept 2200000, skipped 249181)
...processed 2300000 SNPs (kept 2300000, skipped 256431)
...processed 2400000 SNPs (kept 2400000, skipped 263337)
...processed 2500000 SNPs (kept 2500000, skipped 271353)

============================================================
SUMMARY:
  Total processed: 2578259
  Kept: 2578259
  Skipped: 279925
    - No/invalid ancestral: 253253
    - Ancestral mismatch: 26672

First few skip examples:
  pos 13189: anc='.' (not ACGT)
  pos 13205: anc='.' (not ACGT)
  pos 13221: anc='.' (not ACGT)
  pos 13223: anc='.' (not ACGT)
  pos 13230: anc='.' (not ACGT)
============================================================
