==========================================
Running Gene Annotation (Phase 3)
==========================================
Start time: Thu Oct 23 09:24:53 PM CEST 2025

======================================================================
Gene Annotation using GENCODE v44
======================================================================

✓ GENCODE v44 already downloaded (47.4 MB)
Step 1: Loading GENCODE gene annotations...
  Parsing gencode.v44.annotation.gtf.gz...
  ✓ Parsed 62,700 genes from GENCODE v44
  Gene types: {'protein_coding': 20046, 'lncRNA': 18866, 'processed_pseudogene': 10146, 'unprocessed_pseudogene': 2609, 'misc_RNA': 2212}
  Chromosomes: ['1', '10', '11', '12', '13', '14', '15', '16', '17', '18', '19', '2', '20', '21', '22', '3', '4', '5', '6', '7', '8', '9', 'M', 'X', 'Y']

Step 2: Annotating regions with genes (±50kb flank)...
  Loaded 4,666 regions
  Chromosomes: ['1', '10', '11', '12', '13', '14', '15', '16', '17', '18', '19', '2', '20', '22', '3', '4', '5', '6', '7', '8', '9', 'X', 'chr21']

  ✓ Annotated all 4,666 regions

Step 2 output: Saved annotated regions to selection_regions_annotated.tsv

Step 2 output: Saved detailed gene list to genes_in_selection_regions_detailed.tsv

Step 3: Generating gene lists for enrichment analysis...
  Total unique genes in regions: 48,678
  Saved: all_genes_in_selection_regions.tsv
  Saved: X_chromosome_genes_in_selection.tsv (664 genes)
  Saved: autosome_genes_in_selection.tsv (48,014 genes)
  Saved: protein_coding_genes_in_selection.tsv (16,573 genes)
  Saved: X_protein_coding_genes.tsv (242 genes)
  Saved simple gene name lists to: gene_name_lists/

======================================================================
Annotation Summary
======================================================================

Regions:
  Total regions: 4,666
  Regions with genes: 4,587 (98.3%)
  Average genes per region: 11.3
  Median genes per region: 9

Genes:
  Total unique genes: 48,678
  X chromosome genes: 664
  Autosomal genes: 48,014
  Protein-coding genes: 16,573 (34.0%)
  X protein-coding: 242

X-inactivation Status (X chromosome genes):
  Escape X-inactivation: 10 (1.5%)
  Subject to X-inactivation: 654
  Escapee examples: CD99, XG, GYG2, NLGN4X, TXLNG, ZFX, USP9X, DDX3X, KDM6A, CHIC1

Gene Types:
  protein_coding: 16,573 (34.0%)
  lncRNA: 14,899 (30.6%)
  processed_pseudogene: 7,500 (15.4%)
  misc_RNA: 1,712 (3.5%)
  unprocessed_pseudogene: 1,487 (3.1%)
  snRNA: 1,482 (3.0%)
  miRNA: 1,447 (3.0%)
  TEC: 829 (1.7%)
  snoRNA: 789 (1.6%)
  transcribed_unprocessed_pseudogene: 549 (1.1%)

Top 10 regions with most genes:
  chr14:22,169,716-22,582,744 (100 genes, max |iHS|=7.07)
    Protein-coding: DAD1,ABHD4,OR6J1
  chr7:142,265,825-142,765,551 (95 genes, max |iHS|=7.10)
    Protein-coding: MGAM2,PRSS58,PRSS1,PRSS2
  chr14:100,498,745-100,990,847 (95 genes, max |iHS|=6.98)
    Protein-coding: WDR25,BEGAIN,DLK1,RTL1
  chr19:53,741,882-54,209,386 (81 genes, max |iHS|=7.43)
    Protein-coding: NLRP12,MYADM,PRKCG,CACNG7,CACNG8,CACNG6,VSTM1,TARM1,OSCAR,NDUFA3,TFPT,PRPF31,CNOT3,LENG1,TMC4,MBOAT7
  chr6:31,525,556-31,898,641 (77 genes, max |iHS|=6.47)
    Protein-coding: MICB,MCCD1,DDX39B,ATP6V1G2-DDX39B,ATP6V1G2,NFKBIL1,LTA,TNF,LTB,LST1,NCR3,AIF1,PRRC2A,ENSG00000291302
  chr22:22,075,154-22,572,030 (73 genes, max |iHS|=6.01)
    Protein-coding: VPREB1,ZNF280B,ZNF280A,PRAME
  chr22:22,621,003-23,044,467 (72 genes, max |iHS|=4.93)
    Protein-coding: GGTLC2,IGLL5,RSPH14,GNAZ
  chr16:2,102,128-2,601,958 (68 genes, max |iHS|=5.47)
    Protein-coding: TSC2,PKD1,RAB26,TRAF7,CASKIN1,MLST8,BRICD5,PGP,E4F1,DNASE1L2,ECI1,RNPS1,ABCA3,CCNF,TEDC2,NTN3,TBC1D2
  chr17:6,996,757-7,487,376 (67 genes, max |iHS|=4.16)
    Protein-coding: ALOX12,RNASEK,RNASEK-C17orf49,C17orf49,BCL6B,SLC16A13,SLC16A11,CLEC10A,ASGR2,ASGR1,DLG4,ACADVL,DVL2,
  chr6:26,070,475-26,570,448 (65 genes, max |iHS|=7.34)
    Protein-coding: H3C1,H4C1,H4C2,H3C2,H2AC4,H2BC3,H3C3,H1-2,H2BC4,HFE,H4C3,H1-6,H2AC6,H1-4,H2BC5,H2BC6,H4C4,ENSG000002

======================================================================
Annotation complete!
======================================================================

Output files:
  /home/vanbruggenmit/mit-ihh-pib/people/vanbruggenmit/mit-ihh-pib/results/analysis/gene_annotation/selection_regions_annotated.tsv
  /home/vanbruggenmit/mit-ihh-pib/people/vanbruggenmit/mit-ihh-pib/results/analysis/gene_annotation/genes_in_selection_regions_detailed.tsv
  /home/vanbruggenmit/mit-ihh-pib/people/vanbruggenmit/mit-ihh-pib/results/analysis/gene_annotation/gene_name_lists/ (simple gene lists)

Next steps:
  1. Review annotated regions
  2. Use gene lists for enrichment analysis (g:Profiler, DAVID, etc.)
  3. Test for reproductive/immune gene enrichment (Phase 4)

==========================================
Gene Annotation Complete
==========================================
End time: Thu Oct 23 09:25:19 PM CEST 2025
