==================================================
GO Enrichment Analysis
Job ID: 10730844
Started: Sat Nov  1 10:53:42 PM CET 2025
==================================================

================================================================================
Comprehensive GO Enrichment Analysis for X Chromosome Selection
Started: 2025-11-01 22:53:53
================================================================================

Step 1: Loading GO annotations...
  Found X chromosome GO annotations file: X_chromosome_GO_annotations_complete.tsv

Step 2: Loading GO database...
/home/vanbruggenmit/mit-ihh-pib/people/vanbruggenmit/mit-ihh-pib/.pixi/envs/default/lib/python3.13/site-packages/geneinfo/cache/go-basic.obo: fmt(1.2) rel(2025-10-10) 42,666 Terms; optional_attrs(relationship)
  Loaded 42666 GO terms

Step 3: Loading gene lists...
  Using REFINED high-confidence gene set (moderate criteria)
  High-confidence X genes: 45
  X genes under selection: 242
  All X chromosome genes: 664
  Autosomal genes under selection: 16323

================================================================================
ANALYSIS A: High-confidence X genes vs All X chromosome genes
================================================================================

Loading X chromosome GO annotations...
  Created mapping for 229 X chromosome genes

Running Analysis: Analysis A
  Study set: 45 genes
  Population: 664 genes
  Study genes with GO: 28/45
  Population genes with GO: 230/664

Load  Ontology Enrichment Analysis ...
Propagating term counts up: is_a
100%    230 of    230 population items found in association

Runing  Ontology Analysis: current study set of 28 IDs.
100%     28 of     28 study items found in association
100%     28 of     28 study items found in population(230)
Calculating 3,478 uncorrected p-values using fisher_scipy_stats
   3,478 terms are associated with    229 of    230 population items
   1,226 terms are associated with     28 of     28 study items
  METHOD fdr_bh:
       0 GO terms found significant (< 0.05=alpha) (  0 enriched +   0 purified): statsmodels fdr_bh
       0 study items associated with significant GO IDs (enriched)
       0 study items associated with significant GO IDs (purified)
  Total GO terms tested: 3478
  Significant GO terms (FDR < 0.05): 0

  Saved all results: analysis_A_highconf_vs_all_X_all.tsv
  No significant results to save
================================================================================
ANALYSIS B: High-confidence X genes vs X genes under selection
================================================================================

Running Analysis: Analysis B
  Study set: 45 genes
  Population: 242 genes
  Study genes with GO: 28/45
  Population genes with GO: 229/242

Load  Ontology Enrichment Analysis ...
Propagating term counts up: is_a
100%    229 of    229 population items found in association

Runing  Ontology Analysis: current study set of 28 IDs.
100%     28 of     28 study items found in association
100%     28 of     28 study items found in population(229)
Calculating 3,478 uncorrected p-values using fisher_scipy_stats
   3,478 terms are associated with    229 of    229 population items
   1,226 terms are associated with     28 of     28 study items
  METHOD fdr_bh:
       0 GO terms found significant (< 0.05=alpha) (  0 enriched +   0 purified): statsmodels fdr_bh
       0 study items associated with significant GO IDs (enriched)
       0 study items associated with significant GO IDs (purified)
  Total GO terms tested: 3478
  Significant GO terms (FDR < 0.05): 0

  Saved all results: analysis_B_highconf_vs_X_selection_all.tsv
  No significant results to save
================================================================================
ANALYSIS C: X genes under selection vs Autosomal genes under selection
================================================================================

Freed X-specific GO annotations from memory

Loading all human GO annotations for Analysis C...
  (This may take 1-2 minutes)
  Retrieved 503951 total GO annotations
  Filtered to 416256 annotations for study and background genes
  Created mapping for 15541 genes

Running Analysis: Analysis C
  Study set: 242 genes
  Population: 16323 genes
  Study genes with GO: 229/242
  Population genes with GO: 15312/16323

Load  Ontology Enrichment Analysis ...
Propagating term counts up: is_a
100% 15,312 of 15,312 population items found in association

Runing  Ontology Analysis: current study set of 229 IDs.
  0%      0 of      0 study items found in association
  0%      0 of    229 study items found in population(15312)
  Total GO terms tested: 0
  Significant GO terms (FDR < 0.05): 0


==================================================
Job completed: Sat Nov  1 10:55:36 PM CET 2025
Exit code: 1
==================================================
