Loaded recomb map: 35403 positions, range 639133-79748181 bp
Opening ancestral FASTA: /home/vanbruggenmit/mit-ihh-pib/data/grch38/raw/homo_sapiens_ancestor_GRCh38/homo_sapiens_ancestor_18.fa
Available chromosomes in FASTA: ['ANCESTOR_for_chromosome:GRCh38:18:1:80373285:1']...
...processed 100000 SNPs (kept 100000, skipped 8333)
...processed 200000 SNPs (kept 200000, skipped 11936)
...processed 300000 SNPs (kept 300000, skipped 17380)
...processed 400000 SNPs (kept 400000, skipped 82458)
...processed 500000 SNPs (kept 500000, skipped 85848)
...processed 600000 SNPs (kept 600000, skipped 89109)
...processed 700000 SNPs (kept 700000, skipped 92855)
...processed 800000 SNPs (kept 800000, skipped 96286)
...processed 900000 SNPs (kept 900000, skipped 100402)
...processed 1000000 SNPs (kept 1000000, skipped 103969)
...processed 1100000 SNPs (kept 1100000, skipped 108205)
...processed 1200000 SNPs (kept 1200000, skipped 111217)
...processed 1300000 SNPs (kept 1300000, skipped 115111)
...processed 1400000 SNPs (kept 1400000, skipped 120531)
...processed 1500000 SNPs (kept 1500000, skipped 124377)
...processed 1600000 SNPs (kept 1600000, skipped 129080)
...processed 1700000 SNPs (kept 1700000, skipped 132555)
...processed 1800000 SNPs (kept 1800000, skipped 140058)

============================================================
SUMMARY:
  Total processed: 1822537
  Kept: 1822537
  Skipped: 143370
    - No/invalid ancestral: 124296
    - Ancestral mismatch: 19074

First few skip examples:
  pos 10134: anc='.' (not ACGT)
  pos 10146: anc='.' (not ACGT)
  pos 10179: anc='.' (not ACGT)
  pos 10191: anc='.' (not ACGT)
  pos 10194: anc='.' (not ACGT)
============================================================
