Loaded recomb map: 35539 positions, range 23940419-101354830 bp
Opening ancestral FASTA: /home/vanbruggenmit/mit-ihh-pib/data/grch38/raw/homo_sapiens_ancestor_GRCh38/homo_sapiens_ancestor_15.fa
Available chromosomes in FASTA: ['ANCESTOR_for_chromosome:GRCh38:15:1:101991189:1']...
...processed 100000 SNPs (kept 100000, skipped 61074)
...processed 200000 SNPs (kept 200000, skipped 79203)
...processed 300000 SNPs (kept 300000, skipped 90884)
...processed 400000 SNPs (kept 400000, skipped 94122)
...processed 500000 SNPs (kept 500000, skipped 98303)
...processed 600000 SNPs (kept 600000, skipped 105727)
...processed 700000 SNPs (kept 700000, skipped 110338)
...processed 800000 SNPs (kept 800000, skipped 114521)
...processed 900000 SNPs (kept 900000, skipped 117720)
...processed 1000000 SNPs (kept 1000000, skipped 122510)
...processed 1100000 SNPs (kept 1100000, skipped 126857)
...processed 1200000 SNPs (kept 1200000, skipped 131935)
...processed 1300000 SNPs (kept 1300000, skipped 137431)
...processed 1400000 SNPs (kept 1400000, skipped 143813)
...processed 1500000 SNPs (kept 1500000, skipped 158574)
...processed 1600000 SNPs (kept 1600000, skipped 162567)
...processed 1700000 SNPs (kept 1700000, skipped 167694)
...processed 1800000 SNPs (kept 1800000, skipped 172144)
...processed 1900000 SNPs (kept 1900000, skipped 176946)

============================================================
SUMMARY:
  Total processed: 1927946
  Kept: 1927946
  Skipped: 183665
    - No/invalid ancestral: 163564
    - Ancestral mismatch: 20101

First few skip examples:
  pos 17000166: anc='.' (not ACGT)
  pos 17000181: anc='.' (not ACGT)
  pos 17000182: anc='.' (not ACGT)
  pos 17000188: anc='.' (not ACGT)
  pos 17000192: anc='.' (not ACGT)
============================================================
