Loaded recomb map: 57019 positions, range 616253-133118280 bp
Opening ancestral FASTA: /home/vanbruggenmit/mit-ihh-pib/data/grch38/raw/homo_sapiens_ancestor_GRCh38/homo_sapiens_ancestor_10.fa
Available chromosomes in FASTA: ['ANCESTOR_for_chromosome:GRCh38:10:1:133797422:1']...
...processed 100000 SNPs (kept 100000, skipped 11034)
...processed 200000 SNPs (kept 200000, skipped 18420)
...processed 300000 SNPs (kept 300000, skipped 23347)
...processed 400000 SNPs (kept 400000, skipped 27564)
...processed 500000 SNPs (kept 500000, skipped 32624)
...processed 600000 SNPs (kept 600000, skipped 37439)
...processed 700000 SNPs (kept 700000, skipped 42035)
...processed 800000 SNPs (kept 800000, skipped 50468)
...processed 900000 SNPs (kept 900000, skipped 54324)
...processed 1000000 SNPs (kept 1000000, skipped 63520)
...processed 1100000 SNPs (kept 1100000, skipped 183120)
...processed 1200000 SNPs (kept 1200000, skipped 207190)
...processed 1300000 SNPs (kept 1300000, skipped 210982)
...processed 1400000 SNPs (kept 1400000, skipped 217796)
...processed 1500000 SNPs (kept 1500000, skipped 221311)
...processed 1600000 SNPs (kept 1600000, skipped 223967)
...processed 1700000 SNPs (kept 1700000, skipped 229093)
...processed 1800000 SNPs (kept 1800000, skipped 233645)
...processed 1900000 SNPs (kept 1900000, skipped 237325)
...processed 2000000 SNPs (kept 2000000, skipped 242580)
...processed 2100000 SNPs (kept 2100000, skipped 249329)
...processed 2200000 SNPs (kept 2200000, skipped 253047)
...processed 2300000 SNPs (kept 2300000, skipped 258339)
...processed 2400000 SNPs (kept 2400000, skipped 264077)
...processed 2500000 SNPs (kept 2500000, skipped 268450)
...processed 2600000 SNPs (kept 2600000, skipped 272603)
...processed 2700000 SNPs (kept 2700000, skipped 276688)
...processed 2800000 SNPs (kept 2800000, skipped 280379)
...processed 2900000 SNPs (kept 2900000, skipped 284777)
...processed 3000000 SNPs (kept 3000000, skipped 289091)
...processed 3100000 SNPs (kept 3100000, skipped 293166)

============================================================
SUMMARY:
  Total processed: 3191691
  Kept: 3191691
  Skipped: 307595
    - No/invalid ancestral: 274120
    - Ancestral mismatch: 33475

First few skip examples:
  pos 10337: anc='.' (not ACGT)
  pos 10369: anc='.' (not ACGT)
  pos 10394: anc='.' (not ACGT)
  pos 10406: anc='.' (not ACGT)
  pos 10407: anc='.' (not ACGT)
============================================================
