Loaded recomb map: 61671 positions, range 606107-158760600 bp
Opening ancestral FASTA: /home/vanbruggenmit/mit-ihh-pib/data/grch38/raw/homo_sapiens_ancestor_GRCh38/homo_sapiens_ancestor_7.fa
Available chromosomes in FASTA: ['ANCESTOR_for_chromosome:GRCh38:7:1:159345973:1']...
...processed 100000 SNPs (kept 100000, skipped 16255)
...processed 200000 SNPs (kept 200000, skipped 22819)
...processed 300000 SNPs (kept 300000, skipped 36819)
...processed 400000 SNPs (kept 400000, skipped 41300)
...processed 500000 SNPs (kept 500000, skipped 46501)
...processed 600000 SNPs (kept 600000, skipped 50311)
...processed 700000 SNPs (kept 700000, skipped 54984)
...processed 800000 SNPs (kept 800000, skipped 60436)
...processed 900000 SNPs (kept 900000, skipped 64531)
...processed 1000000 SNPs (kept 1000000, skipped 69244)
...processed 1100000 SNPs (kept 1100000, skipped 74683)
...processed 1200000 SNPs (kept 1200000, skipped 79254)
...processed 1300000 SNPs (kept 1300000, skipped 86988)
...processed 1400000 SNPs (kept 1400000, skipped 90278)
...processed 1500000 SNPs (kept 1500000, skipped 105410)
...processed 1600000 SNPs (kept 1600000, skipped 248831)
...processed 1700000 SNPs (kept 1700000, skipped 254354)
...processed 1800000 SNPs (kept 1800000, skipped 266572)
...processed 1900000 SNPs (kept 1900000, skipped 278932)
...processed 2000000 SNPs (kept 2000000, skipped 282363)
...processed 2100000 SNPs (kept 2100000, skipped 286620)
...processed 2200000 SNPs (kept 2200000, skipped 290654)
...processed 2300000 SNPs (kept 2300000, skipped 299652)
...processed 2400000 SNPs (kept 2400000, skipped 315373)
...processed 2500000 SNPs (kept 2500000, skipped 319706)
...processed 2600000 SNPs (kept 2600000, skipped 323871)
...processed 2700000 SNPs (kept 2700000, skipped 328323)
...processed 2800000 SNPs (kept 2800000, skipped 331890)
...processed 2900000 SNPs (kept 2900000, skipped 335336)
...processed 3000000 SNPs (kept 3000000, skipped 341860)
...processed 3100000 SNPs (kept 3100000, skipped 346192)
...processed 3200000 SNPs (kept 3200000, skipped 349886)
...processed 3300000 SNPs (kept 3300000, skipped 356624)
...processed 3400000 SNPs (kept 3400000, skipped 369433)
...processed 3500000 SNPs (kept 3500000, skipped 382497)
...processed 3600000 SNPs (kept 3600000, skipped 393716)
...processed 3700000 SNPs (kept 3700000, skipped 403104)

============================================================
SUMMARY:
  Total processed: 3729602
  Kept: 3729602
  Skipped: 411322
    - No/invalid ancestral: 372552
    - Ancestral mismatch: 38770

First few skip examples:
  pos 16867: anc='.' (not ACGT)
  pos 16872: anc='.' (not ACGT)
  pos 16872: anc='.' (not ACGT)
  pos 16962: anc='.' (not ACGT)
  pos 16962: anc='.' (not ACGT)
============================================================
