Loaded recomb map: 67643 positions, range 539195-180749497 bp
Opening ancestral FASTA: /home/vanbruggenmit/mit-ihh-pib/data/grch38/raw/homo_sapiens_ancestor_GRCh38/homo_sapiens_ancestor_5.fa
Available chromosomes in FASTA: ['ANCESTOR_for_chromosome:GRCh38:5:1:181538259:1']...
...processed 100000 SNPs (kept 100000, skipped 16581)
...processed 200000 SNPs (kept 200000, skipped 20804)
...processed 300000 SNPs (kept 300000, skipped 25913)
...processed 400000 SNPs (kept 400000, skipped 29769)
...processed 500000 SNPs (kept 500000, skipped 35961)
...processed 600000 SNPs (kept 600000, skipped 43097)
...processed 700000 SNPs (kept 700000, skipped 48416)
...processed 800000 SNPs (kept 800000, skipped 53617)
...processed 900000 SNPs (kept 900000, skipped 61860)
...processed 1000000 SNPs (kept 1000000, skipped 67955)
...processed 1100000 SNPs (kept 1100000, skipped 73596)
...processed 1200000 SNPs (kept 1200000, skipped 147199)
...processed 1300000 SNPs (kept 1300000, skipped 152322)
...processed 1400000 SNPs (kept 1400000, skipped 156113)
...processed 1500000 SNPs (kept 1500000, skipped 160825)
...processed 1600000 SNPs (kept 1600000, skipped 165416)
...processed 1700000 SNPs (kept 1700000, skipped 170990)
...processed 1800000 SNPs (kept 1800000, skipped 175887)
...processed 1900000 SNPs (kept 1900000, skipped 179914)
...processed 2000000 SNPs (kept 2000000, skipped 185028)
...processed 2100000 SNPs (kept 2100000, skipped 188658)
...processed 2200000 SNPs (kept 2200000, skipped 191824)
...processed 2300000 SNPs (kept 2300000, skipped 202413)
...processed 2400000 SNPs (kept 2400000, skipped 206407)
...processed 2500000 SNPs (kept 2500000, skipped 210848)
...processed 2600000 SNPs (kept 2600000, skipped 215182)
...processed 2700000 SNPs (kept 2700000, skipped 218833)
...processed 2800000 SNPs (kept 2800000, skipped 224448)
...processed 2900000 SNPs (kept 2900000, skipped 228071)
...processed 3000000 SNPs (kept 3000000, skipped 248835)
...processed 3100000 SNPs (kept 3100000, skipped 252962)
...processed 3200000 SNPs (kept 3200000, skipped 257079)
...processed 3300000 SNPs (kept 3300000, skipped 261677)
...processed 3400000 SNPs (kept 3400000, skipped 266567)
...processed 3500000 SNPs (kept 3500000, skipped 270721)
...processed 3600000 SNPs (kept 3600000, skipped 275636)
...processed 3700000 SNPs (kept 3700000, skipped 280554)
...processed 3800000 SNPs (kept 3800000, skipped 284693)
...processed 3900000 SNPs (kept 3900000, skipped 288980)
...processed 4000000 SNPs (kept 4000000, skipped 292893)
...processed 4100000 SNPs (kept 4100000, skipped 298723)
...processed 4200000 SNPs (kept 4200000, skipped 314929)

============================================================
SUMMARY:
  Total processed: 4220208
  Kept: 4220208
  Skipped: 319682
    - No/invalid ancestral: 275768
    - Ancestral mismatch: 43914

First few skip examples:
  pos 10470: anc='.' (not ACGT)
  pos 10472: anc='.' (not ACGT)
  pos 11929: anc='.' (not ACGT)
  pos 11933: anc='.' (not ACGT)
  pos 11956: anc='.' (not ACGT)
============================================================
