Loaded recomb map: 36377 positions, range 20431017-105464069 bp
Opening ancestral FASTA: /home/vanbruggenmit/mit-ihh-pib/data/grch38/raw/homo_sapiens_ancestor_GRCh38/homo_sapiens_ancestor_14.fa
Available chromosomes in FASTA: ['ANCESTOR_for_chromosome:GRCh38:14:1:107043718:1']...
...processed 100000 SNPs (kept 100000, skipped 37675)
...processed 200000 SNPs (kept 200000, skipped 46842)
...processed 300000 SNPs (kept 300000, skipped 50884)
...processed 400000 SNPs (kept 400000, skipped 55524)
...processed 500000 SNPs (kept 500000, skipped 59136)
...processed 600000 SNPs (kept 600000, skipped 65871)
...processed 700000 SNPs (kept 700000, skipped 70107)
...processed 800000 SNPs (kept 800000, skipped 73901)
...processed 900000 SNPs (kept 900000, skipped 77615)
...processed 1000000 SNPs (kept 1000000, skipped 81992)
...processed 1100000 SNPs (kept 1100000, skipped 86266)
...processed 1200000 SNPs (kept 1200000, skipped 90177)
...processed 1300000 SNPs (kept 1300000, skipped 94671)
...processed 1400000 SNPs (kept 1400000, skipped 99123)
...processed 1500000 SNPs (kept 1500000, skipped 102429)
...processed 1600000 SNPs (kept 1600000, skipped 106460)
...processed 1700000 SNPs (kept 1700000, skipped 110637)
...processed 1800000 SNPs (kept 1800000, skipped 114654)
...processed 1900000 SNPs (kept 1900000, skipped 118329)
...processed 2000000 SNPs (kept 2000000, skipped 121868)
...processed 2100000 SNPs (kept 2100000, skipped 130717)

============================================================
SUMMARY:
  Total processed: 2110296
  Kept: 2110296
  Skipped: 184637
    - No/invalid ancestral: 163416
    - Ancestral mismatch: 21221

First few skip examples:
  pos 16022747: anc='.' (not ACGT)
  pos 16022755: anc='.' (not ACGT)
  pos 16022770: anc='.' (not ACGT)
  pos 16022771: anc='.' (not ACGT)
  pos 16022771: anc='.' (not ACGT)
============================================================
