Loaded recomb map: 66350 positions, range 689565-170108868 bp
Opening ancestral FASTA: /home/vanbruggenmit/mit-ihh-pib/data/grch38/raw/homo_sapiens_ancestor_GRCh38/homo_sapiens_ancestor_6.fa
Available chromosomes in FASTA: ['ANCESTOR_for_chromosome:GRCh38:6:1:170805979:1']...
...processed 100000 SNPs (kept 100000, skipped 5334)
...processed 200000 SNPs (kept 200000, skipped 9190)
...processed 300000 SNPs (kept 300000, skipped 13648)
...processed 400000 SNPs (kept 400000, skipped 17536)
...processed 500000 SNPs (kept 500000, skipped 21882)
...processed 600000 SNPs (kept 600000, skipped 26040)
...processed 700000 SNPs (kept 700000, skipped 37971)
...processed 800000 SNPs (kept 800000, skipped 50039)
...processed 900000 SNPs (kept 900000, skipped 62337)
...processed 1000000 SNPs (kept 1000000, skipped 65884)
...processed 1100000 SNPs (kept 1100000, skipped 71241)
...processed 1200000 SNPs (kept 1200000, skipped 75553)
...processed 1300000 SNPs (kept 1300000, skipped 80728)
...processed 1400000 SNPs (kept 1400000, skipped 87013)
...processed 1500000 SNPs (kept 1500000, skipped 115221)
...processed 1600000 SNPs (kept 1600000, skipped 121536)
...processed 1700000 SNPs (kept 1700000, skipped 126060)
...processed 1800000 SNPs (kept 1800000, skipped 131478)
...processed 1900000 SNPs (kept 1900000, skipped 136083)
...processed 2000000 SNPs (kept 2000000, skipped 139719)
...processed 2100000 SNPs (kept 2100000, skipped 144284)
...processed 2200000 SNPs (kept 2200000, skipped 148514)
...processed 2300000 SNPs (kept 2300000, skipped 152999)
...processed 2400000 SNPs (kept 2400000, skipped 156273)
...processed 2500000 SNPs (kept 2500000, skipped 159748)
...processed 2600000 SNPs (kept 2600000, skipped 164248)
...processed 2700000 SNPs (kept 2700000, skipped 169437)
...processed 2800000 SNPs (kept 2800000, skipped 173874)
...processed 2900000 SNPs (kept 2900000, skipped 177465)
...processed 3000000 SNPs (kept 3000000, skipped 181961)
...processed 3100000 SNPs (kept 3100000, skipped 185149)
...processed 3200000 SNPs (kept 3200000, skipped 188778)
...processed 3300000 SNPs (kept 3300000, skipped 192194)
...processed 3400000 SNPs (kept 3400000, skipped 195888)
...processed 3500000 SNPs (kept 3500000, skipped 198954)
...processed 3600000 SNPs (kept 3600000, skipped 203891)
...processed 3700000 SNPs (kept 3700000, skipped 207924)
...processed 3800000 SNPs (kept 3800000, skipped 212933)
...processed 3900000 SNPs (kept 3900000, skipped 220200)
...processed 4000000 SNPs (kept 4000000, skipped 225652)

============================================================
SUMMARY:
  Total processed: 4080334
  Kept: 4080334
  Skipped: 236759
    - No/invalid ancestral: 194489
    - Ancestral mismatch: 42270

First few skip examples:
  pos 79634: anc='.' (not ACGT)
  pos 96292: anc='.' (not ACGT)
  pos 96345: anc='.' (not ACGT)
  pos 96400: anc='.' (not ACGT)
  pos 96516: anc='.' (not ACGT)
============================================================
