Loaded recomb map: 89860 positions, range 535043-241537572 bp
Opening ancestral FASTA: /home/vanbruggenmit/mit-ihh-pib/data/grch38/raw/homo_sapiens_ancestor_GRCh38/homo_sapiens_ancestor_2.fa
Available chromosomes in FASTA: ['ANCESTOR_for_chromosome:GRCh38:2:1:242193529:1']...
...processed 100000 SNPs (kept 100000, skipped 11969)
...processed 200000 SNPs (kept 200000, skipped 15891)
...processed 300000 SNPs (kept 300000, skipped 20676)
...processed 400000 SNPs (kept 400000, skipped 25616)
...processed 500000 SNPs (kept 500000, skipped 29565)
...processed 600000 SNPs (kept 600000, skipped 32743)
...processed 700000 SNPs (kept 700000, skipped 37397)
...processed 800000 SNPs (kept 800000, skipped 40510)
...processed 900000 SNPs (kept 900000, skipped 44310)
...processed 1000000 SNPs (kept 1000000, skipped 48593)
...processed 1100000 SNPs (kept 1100000, skipped 52360)
...processed 1200000 SNPs (kept 1200000, skipped 56270)
...processed 1300000 SNPs (kept 1300000, skipped 59659)
...processed 1400000 SNPs (kept 1400000, skipped 64520)
...processed 1500000 SNPs (kept 1500000, skipped 68275)
...processed 1600000 SNPs (kept 1600000, skipped 72481)
...processed 1700000 SNPs (kept 1700000, skipped 79298)
...processed 1800000 SNPs (kept 1800000, skipped 82427)
...processed 1900000 SNPs (kept 1900000, skipped 90848)
...processed 2000000 SNPs (kept 2000000, skipped 95030)
...processed 2100000 SNPs (kept 2100000, skipped 98590)
...processed 2200000 SNPs (kept 2200000, skipped 104860)
...processed 2300000 SNPs (kept 2300000, skipped 251026)
...processed 2400000 SNPs (kept 2400000, skipped 260708)
...processed 2500000 SNPs (kept 2500000, skipped 264012)
...processed 2600000 SNPs (kept 2600000, skipped 286991)
...processed 2700000 SNPs (kept 2700000, skipped 299631)
...processed 2800000 SNPs (kept 2800000, skipped 304942)
...processed 2900000 SNPs (kept 2900000, skipped 311124)
...processed 3000000 SNPs (kept 3000000, skipped 315791)
...processed 3100000 SNPs (kept 3100000, skipped 346727)
...processed 3200000 SNPs (kept 3200000, skipped 350952)
...processed 3300000 SNPs (kept 3300000, skipped 354266)
...processed 3400000 SNPs (kept 3400000, skipped 358031)
...processed 3500000 SNPs (kept 3500000, skipped 361502)
...processed 3600000 SNPs (kept 3600000, skipped 365190)
...processed 3700000 SNPs (kept 3700000, skipped 369415)
...processed 3800000 SNPs (kept 3800000, skipped 372767)
...processed 3900000 SNPs (kept 3900000, skipped 376868)
...processed 4000000 SNPs (kept 4000000, skipped 380956)
...processed 4100000 SNPs (kept 4100000, skipped 384876)
...processed 4200000 SNPs (kept 4200000, skipped 389061)
...processed 4300000 SNPs (kept 4300000, skipped 392512)
...processed 4400000 SNPs (kept 4400000, skipped 395920)
...processed 4500000 SNPs (kept 4500000, skipped 401106)
...processed 4600000 SNPs (kept 4600000, skipped 405768)
...processed 4700000 SNPs (kept 4700000, skipped 410557)
...processed 4800000 SNPs (kept 4800000, skipped 415598)
...processed 4900000 SNPs (kept 4900000, skipped 419417)
...processed 5000000 SNPs (kept 5000000, skipped 423949)
...processed 5100000 SNPs (kept 5100000, skipped 428033)
...processed 5200000 SNPs (kept 5200000, skipped 431705)
...processed 5300000 SNPs (kept 5300000, skipped 435588)
...processed 5400000 SNPs (kept 5400000, skipped 447736)
...processed 5500000 SNPs (kept 5500000, skipped 453077)
...processed 5600000 SNPs (kept 5600000, skipped 459909)

============================================================
SUMMARY:
  Total processed: 5624514
  Kept: 5624514
  Skipped: 471462
    - No/invalid ancestral: 413808
    - Ancestral mismatch: 57654

First few skip examples:
  pos 10586: anc='.' (not ACGT)
  pos 10610: anc='.' (not ACGT)
  pos 10614: anc='.' (not ACGT)
  pos 10616: anc='.' (not ACGT)
  pos 10620: anc='.' (not ACGT)
============================================================
