Loaded recomb map: 56932 positions, range 729799-144559625 bp
Opening ancestral FASTA: /home/vanbruggenmit/mit-ihh-pib/data/grch38/raw/homo_sapiens_ancestor_GRCh38/homo_sapiens_ancestor_8.fa
Available chromosomes in FASTA: ['ANCESTOR_for_chromosome:GRCh38:8:1:145138636:1']...
...processed 100000 SNPs (kept 100000, skipped 23079)
...processed 200000 SNPs (kept 200000, skipped 27931)
...processed 300000 SNPs (kept 300000, skipped 45961)
...processed 400000 SNPs (kept 400000, skipped 60446)
...processed 500000 SNPs (kept 500000, skipped 84707)
...processed 600000 SNPs (kept 600000, skipped 89885)
...processed 700000 SNPs (kept 700000, skipped 93075)
...processed 800000 SNPs (kept 800000, skipped 96573)
...processed 900000 SNPs (kept 900000, skipped 101029)
...processed 1000000 SNPs (kept 1000000, skipped 104692)
...processed 1100000 SNPs (kept 1100000, skipped 108768)
...processed 1200000 SNPs (kept 1200000, skipped 114116)
...processed 1300000 SNPs (kept 1300000, skipped 162720)
...processed 1400000 SNPs (kept 1400000, skipped 166884)
...processed 1500000 SNPs (kept 1500000, skipped 170617)
...processed 1600000 SNPs (kept 1600000, skipped 177625)
...processed 1700000 SNPs (kept 1700000, skipped 182388)
...processed 1800000 SNPs (kept 1800000, skipped 186766)
...processed 1900000 SNPs (kept 1900000, skipped 190880)
...processed 2000000 SNPs (kept 2000000, skipped 194679)
...processed 2100000 SNPs (kept 2100000, skipped 198377)
...processed 2200000 SNPs (kept 2200000, skipped 203697)
...processed 2300000 SNPs (kept 2300000, skipped 208909)
...processed 2400000 SNPs (kept 2400000, skipped 212890)
...processed 2500000 SNPs (kept 2500000, skipped 218089)
...processed 2600000 SNPs (kept 2600000, skipped 221636)
...processed 2700000 SNPs (kept 2700000, skipped 225457)
...processed 2800000 SNPs (kept 2800000, skipped 228892)
...processed 2900000 SNPs (kept 2900000, skipped 233283)
...processed 3000000 SNPs (kept 3000000, skipped 237506)
...processed 3100000 SNPs (kept 3100000, skipped 241929)
...processed 3200000 SNPs (kept 3200000, skipped 247282)
...processed 3300000 SNPs (kept 3300000, skipped 251534)
...processed 3400000 SNPs (kept 3400000, skipped 256234)
...processed 3500000 SNPs (kept 3500000, skipped 260209)
...processed 3600000 SNPs (kept 3600000, skipped 271833)

============================================================
SUMMARY:
  Total processed: 3614368
  Kept: 3614368
  Skipped: 274525
    - No/invalid ancestral: 234507
    - Ancestral mismatch: 40018

First few skip examples:
  pos 61600: anc='.' (not ACGT)
  pos 61731: anc='.' (not ACGT)
  pos 61737: anc='.' (not ACGT)
  pos 61740: anc='.' (not ACGT)
  pos 61759: anc='.' (not ACGT)
============================================================
