Loaded recomb map: 54677 positions, range 586912-132699698 bp
Opening ancestral FASTA: /home/vanbruggenmit/mit-ihh-pib/data/grch38/raw/homo_sapiens_ancestor_GRCh38/homo_sapiens_ancestor_12.fa
Available chromosomes in FASTA: ['ANCESTOR_for_chromosome:GRCh38:12:1:133275309:1']...
...processed 100000 SNPs (kept 100000, skipped 6104)
...processed 200000 SNPs (kept 200000, skipped 11965)
...processed 300000 SNPs (kept 300000, skipped 36448)
...processed 400000 SNPs (kept 400000, skipped 40899)
...processed 500000 SNPs (kept 500000, skipped 48166)
...processed 600000 SNPs (kept 600000, skipped 51917)
...processed 700000 SNPs (kept 700000, skipped 56181)
...processed 800000 SNPs (kept 800000, skipped 61458)
...processed 900000 SNPs (kept 900000, skipped 146631)
...processed 1000000 SNPs (kept 1000000, skipped 150910)
...processed 1100000 SNPs (kept 1100000, skipped 156962)
...processed 1200000 SNPs (kept 1200000, skipped 163412)
...processed 1300000 SNPs (kept 1300000, skipped 172320)
...processed 1400000 SNPs (kept 1400000, skipped 176119)
...processed 1500000 SNPs (kept 1500000, skipped 182343)
...processed 1600000 SNPs (kept 1600000, skipped 186215)
...processed 1700000 SNPs (kept 1700000, skipped 190774)
...processed 1800000 SNPs (kept 1800000, skipped 195312)
...processed 1900000 SNPs (kept 1900000, skipped 199030)
...processed 2000000 SNPs (kept 2000000, skipped 204426)
...processed 2100000 SNPs (kept 2100000, skipped 207876)
...processed 2200000 SNPs (kept 2200000, skipped 213144)
...processed 2300000 SNPs (kept 2300000, skipped 217259)
...processed 2400000 SNPs (kept 2400000, skipped 221729)
...processed 2500000 SNPs (kept 2500000, skipped 226376)
...processed 2600000 SNPs (kept 2600000, skipped 232038)
...processed 2700000 SNPs (kept 2700000, skipped 235685)
...processed 2800000 SNPs (kept 2800000, skipped 242408)
...processed 2900000 SNPs (kept 2900000, skipped 247566)
...processed 3000000 SNPs (kept 3000000, skipped 252733)

============================================================
SUMMARY:
  Total processed: 3071488
  Kept: 3071488
  Skipped: 263548
    - No/invalid ancestral: 231339
    - Ancestral mismatch: 32209

First few skip examples:
  pos 10598: anc='.' (not ACGT)
  pos 10623: anc='.' (not ACGT)
  pos 10626: anc='.' (not ACGT)
  pos 10629: anc='.' (not ACGT)
  pos 10630: anc='.' (not ACGT)
============================================================
