Loaded recomb map: 30871 positions, range 584433-63774607 bp
Opening ancestral FASTA: /home/vanbruggenmit/mit-ihh-pib/data/grch38/raw/homo_sapiens_ancestor_GRCh38/homo_sapiens_ancestor_20.fa
Available chromosomes in FASTA: ['ANCESTOR_for_chromosome:GRCh38:20:1:64444167:1']...
...processed 100000 SNPs (kept 100000, skipped 10551)
...processed 200000 SNPs (kept 200000, skipped 16706)
...processed 300000 SNPs (kept 300000, skipped 20009)
...processed 400000 SNPs (kept 400000, skipped 23397)
...processed 500000 SNPs (kept 500000, skipped 27044)
...processed 600000 SNPs (kept 600000, skipped 33411)
...processed 700000 SNPs (kept 700000, skipped 158703)
...processed 800000 SNPs (kept 800000, skipped 164820)
...processed 900000 SNPs (kept 900000, skipped 168235)
...processed 1000000 SNPs (kept 1000000, skipped 171921)
...processed 1100000 SNPs (kept 1100000, skipped 181069)
...processed 1200000 SNPs (kept 1200000, skipped 186132)
...processed 1300000 SNPs (kept 1300000, skipped 190245)
...processed 1400000 SNPs (kept 1400000, skipped 196489)

============================================================
SUMMARY:
  Total processed: 1444188
  Kept: 1444188
  Skipped: 202914
    - No/invalid ancestral: 187837
    - Ancestral mismatch: 15077

First few skip examples:
  pos 60137: anc='.' (not ACGT)
  pos 60149: anc='.' (not ACGT)
  pos 60181: anc='.' (not ACGT)
  pos 60254: anc='.' (not ACGT)
  pos 60280: anc='.' (not ACGT)
============================================================
