Loaded recomb map: 75471 positions, range 535316-197605279 bp
Opening ancestral FASTA: /home/vanbruggenmit/mit-ihh-pib/data/grch38/raw/homo_sapiens_ancestor_GRCh38/homo_sapiens_ancestor_3.fa
Available chromosomes in FASTA: ['ANCESTOR_for_chromosome:GRCh38:3:1:198295559:1']...
...processed 100000 SNPs (kept 100000, skipped 4206)
...processed 200000 SNPs (kept 200000, skipped 8461)
...processed 300000 SNPs (kept 300000, skipped 12787)
...processed 400000 SNPs (kept 400000, skipped 16330)
...processed 500000 SNPs (kept 500000, skipped 19775)
...processed 600000 SNPs (kept 600000, skipped 25092)
...processed 700000 SNPs (kept 700000, skipped 28727)
...processed 800000 SNPs (kept 800000, skipped 33020)
...processed 900000 SNPs (kept 900000, skipped 36925)
...processed 1000000 SNPs (kept 1000000, skipped 40574)
...processed 1100000 SNPs (kept 1100000, skipped 43856)
...processed 1200000 SNPs (kept 1200000, skipped 47698)
...processed 1300000 SNPs (kept 1300000, skipped 53254)
...processed 1400000 SNPs (kept 1400000, skipped 57695)
...processed 1500000 SNPs (kept 1500000, skipped 61543)
...processed 1600000 SNPs (kept 1600000, skipped 65615)
...processed 1700000 SNPs (kept 1700000, skipped 69072)
...processed 1800000 SNPs (kept 1800000, skipped 72113)
...processed 1900000 SNPs (kept 1900000, skipped 98029)
...processed 2000000 SNPs (kept 2000000, skipped 102526)
...processed 2100000 SNPs (kept 2100000, skipped 106009)
...processed 2200000 SNPs (kept 2200000, skipped 110285)
...processed 2300000 SNPs (kept 2300000, skipped 195533)
...processed 2400000 SNPs (kept 2400000, skipped 200175)
...processed 2500000 SNPs (kept 2500000, skipped 203972)
...processed 2600000 SNPs (kept 2600000, skipped 208225)
...processed 2700000 SNPs (kept 2700000, skipped 212161)
...processed 2800000 SNPs (kept 2800000, skipped 216219)
...processed 2900000 SNPs (kept 2900000, skipped 222073)
...processed 3000000 SNPs (kept 3000000, skipped 238361)
...processed 3100000 SNPs (kept 3100000, skipped 251317)
...processed 3200000 SNPs (kept 3200000, skipped 255236)
...processed 3300000 SNPs (kept 3300000, skipped 260362)
...processed 3400000 SNPs (kept 3400000, skipped 264950)
...processed 3500000 SNPs (kept 3500000, skipped 268873)
...processed 3600000 SNPs (kept 3600000, skipped 272740)
...processed 3700000 SNPs (kept 3700000, skipped 276783)
...processed 3800000 SNPs (kept 3800000, skipped 281366)
...processed 3900000 SNPs (kept 3900000, skipped 285843)
...processed 4000000 SNPs (kept 4000000, skipped 289737)
...processed 4100000 SNPs (kept 4100000, skipped 293418)
...processed 4200000 SNPs (kept 4200000, skipped 298192)
...processed 4300000 SNPs (kept 4300000, skipped 302794)
...processed 4400000 SNPs (kept 4400000, skipped 308539)
...processed 4500000 SNPs (kept 4500000, skipped 312324)
...processed 4600000 SNPs (kept 4600000, skipped 328235)

============================================================
SUMMARY:
  Total processed: 4652786
  Kept: 4652786
  Skipped: 334038
    - No/invalid ancestral: 286264
    - Ancestral mismatch: 47774

First few skip examples:
  pos 11817: anc='.' (not ACGT)
  pos 11847: anc='.' (not ACGT)
  pos 11850: anc='.' (not ACGT)
  pos 11859: anc='.' (not ACGT)
  pos 11861: anc='.' (not ACGT)
============================================================
