Loaded recomb map: 70463 positions, range 664300-189440493 bp
Opening ancestral FASTA: /home/vanbruggenmit/mit-ihh-pib/data/grch38/raw/homo_sapiens_ancestor_GRCh38/homo_sapiens_ancestor_4.fa
Available chromosomes in FASTA: ['ANCESTOR_for_chromosome:GRCh38:4:1:190214555:1']...
...processed 100000 SNPs (kept 100000, skipped 9214)
...processed 200000 SNPs (kept 200000, skipped 24753)
...processed 300000 SNPs (kept 300000, skipped 50275)
...processed 400000 SNPs (kept 400000, skipped 55728)
...processed 500000 SNPs (kept 500000, skipped 59813)
...processed 600000 SNPs (kept 600000, skipped 63443)
...processed 700000 SNPs (kept 700000, skipped 67058)
...processed 800000 SNPs (kept 800000, skipped 71586)
...processed 900000 SNPs (kept 900000, skipped 76364)
...processed 1000000 SNPs (kept 1000000, skipped 80554)
...processed 1100000 SNPs (kept 1100000, skipped 84644)
...processed 1200000 SNPs (kept 1200000, skipped 88176)
...processed 1300000 SNPs (kept 1300000, skipped 123757)
...processed 1400000 SNPs (kept 1400000, skipped 127861)
...processed 1500000 SNPs (kept 1500000, skipped 133031)
...processed 1600000 SNPs (kept 1600000, skipped 140475)
...processed 1700000 SNPs (kept 1700000, skipped 145945)
...processed 1800000 SNPs (kept 1800000, skipped 167359)
...processed 1900000 SNPs (kept 1900000, skipped 171013)
...processed 2000000 SNPs (kept 2000000, skipped 174540)
...processed 2100000 SNPs (kept 2100000, skipped 178340)
...processed 2200000 SNPs (kept 2200000, skipped 182516)
...processed 2300000 SNPs (kept 2300000, skipped 186402)
...processed 2400000 SNPs (kept 2400000, skipped 190164)
...processed 2500000 SNPs (kept 2500000, skipped 193961)
...processed 2600000 SNPs (kept 2600000, skipped 198145)
...processed 2700000 SNPs (kept 2700000, skipped 201864)
...processed 2800000 SNPs (kept 2800000, skipped 205923)
...processed 2900000 SNPs (kept 2900000, skipped 217260)
...processed 3000000 SNPs (kept 3000000, skipped 220263)
...processed 3100000 SNPs (kept 3100000, skipped 224083)
...processed 3200000 SNPs (kept 3200000, skipped 232337)
...processed 3300000 SNPs (kept 3300000, skipped 235802)
...processed 3400000 SNPs (kept 3400000, skipped 239682)
...processed 3500000 SNPs (kept 3500000, skipped 255519)
...processed 3600000 SNPs (kept 3600000, skipped 259675)
...processed 3700000 SNPs (kept 3700000, skipped 263393)
...processed 3800000 SNPs (kept 3800000, skipped 269008)
...processed 3900000 SNPs (kept 3900000, skipped 273370)
...processed 4000000 SNPs (kept 4000000, skipped 280588)
...processed 4100000 SNPs (kept 4100000, skipped 284485)
...processed 4200000 SNPs (kept 4200000, skipped 288587)
...processed 4300000 SNPs (kept 4300000, skipped 293323)
...processed 4400000 SNPs (kept 4400000, skipped 298091)
...processed 4500000 SNPs (kept 4500000, skipped 302995)

============================================================
SUMMARY:
  Total processed: 4562315
  Kept: 4562315
  Skipped: 316222
    - No/invalid ancestral: 268280
    - Ancestral mismatch: 47942

First few skip examples:
  pos 10129: anc='.' (not ACGT)
  pos 10135: anc='.' (not ACGT)
  pos 10140: anc='.' (not ACGT)
  pos 10145: anc='.' (not ACGT)
  pos 10147: anc='.' (not ACGT)
============================================================
