Loaded recomb map: 52989 positions, range 700247-134562156 bp
Opening ancestral FASTA: /home/vanbruggenmit/mit-ihh-pib/data/grch38/raw/homo_sapiens_ancestor_GRCh38/homo_sapiens_ancestor_11.fa
Available chromosomes in FASTA: ['ANCESTOR_for_chromosome:GRCh38:11:1:135086622:1']...
...processed 100000 SNPs (kept 100000, skipped 21559)
...processed 200000 SNPs (kept 200000, skipped 34627)
...processed 300000 SNPs (kept 300000, skipped 39041)
...processed 400000 SNPs (kept 400000, skipped 43297)
...processed 500000 SNPs (kept 500000, skipped 50524)
...processed 600000 SNPs (kept 600000, skipped 54747)
...processed 700000 SNPs (kept 700000, skipped 61574)
...processed 800000 SNPs (kept 800000, skipped 65212)
...processed 900000 SNPs (kept 900000, skipped 68943)
...processed 1000000 SNPs (kept 1000000, skipped 72556)
...processed 1100000 SNPs (kept 1100000, skipped 76216)
...processed 1200000 SNPs (kept 1200000, skipped 112149)
...processed 1300000 SNPs (kept 1300000, skipped 186788)
...processed 1400000 SNPs (kept 1400000, skipped 199844)
...processed 1500000 SNPs (kept 1500000, skipped 217352)
...processed 1600000 SNPs (kept 1600000, skipped 233400)
...processed 1700000 SNPs (kept 1700000, skipped 238557)
...processed 1800000 SNPs (kept 1800000, skipped 242353)
...processed 1900000 SNPs (kept 1900000, skipped 246012)
...processed 2000000 SNPs (kept 2000000, skipped 249931)
...processed 2100000 SNPs (kept 2100000, skipped 260572)
...processed 2200000 SNPs (kept 2200000, skipped 264860)
...processed 2300000 SNPs (kept 2300000, skipped 269641)
...processed 2400000 SNPs (kept 2400000, skipped 277965)
...processed 2500000 SNPs (kept 2500000, skipped 282176)
...processed 2600000 SNPs (kept 2600000, skipped 285244)
...processed 2700000 SNPs (kept 2700000, skipped 290577)
...processed 2800000 SNPs (kept 2800000, skipped 295634)
...processed 2900000 SNPs (kept 2900000, skipped 301153)
...processed 3000000 SNPs (kept 3000000, skipped 305597)
...processed 3100000 SNPs (kept 3100000, skipped 310776)

============================================================
SUMMARY:
  Total processed: 3112379
  Kept: 3112379
  Skipped: 313067
    - No/invalid ancestral: 281509
    - Ancestral mismatch: 31558

First few skip examples:
  pos 70257: anc='.' (not ACGT)
  pos 70297: anc='.' (not ACGT)
  pos 70308: anc='.' (not ACGT)
  pos 70357: anc='.' (not ACGT)
  pos 70529: anc='.' (not ACGT)
============================================================
