Loaded recomb map: 36252 positions, range 704969-82575203 bp
Opening ancestral FASTA: /home/vanbruggenmit/mit-ihh-pib/data/grch38/raw/homo_sapiens_ancestor_GRCh38/homo_sapiens_ancestor_17.fa
Available chromosomes in FASTA: ['ANCESTOR_for_chromosome:GRCh38:17:1:83257441:1']...
...processed 100000 SNPs (kept 100000, skipped 14912)
...processed 200000 SNPs (kept 200000, skipped 20576)
...processed 300000 SNPs (kept 300000, skipped 25729)
...processed 400000 SNPs (kept 400000, skipped 29578)
...processed 500000 SNPs (kept 500000, skipped 48184)
...processed 600000 SNPs (kept 600000, skipped 112980)
...processed 700000 SNPs (kept 700000, skipped 125179)
...processed 800000 SNPs (kept 800000, skipped 134355)
...processed 900000 SNPs (kept 900000, skipped 140646)
...processed 1000000 SNPs (kept 1000000, skipped 152841)
...processed 1100000 SNPs (kept 1100000, skipped 157743)
...processed 1200000 SNPs (kept 1200000, skipped 161456)
...processed 1300000 SNPs (kept 1300000, skipped 169197)
...processed 1400000 SNPs (kept 1400000, skipped 179484)
...processed 1500000 SNPs (kept 1500000, skipped 185329)
...processed 1600000 SNPs (kept 1600000, skipped 189549)
...processed 1700000 SNPs (kept 1700000, skipped 194602)
...processed 1800000 SNPs (kept 1800000, skipped 200164)

============================================================
SUMMARY:
  Total processed: 1867717
  Kept: 1867717
  Skipped: 207806
    - No/invalid ancestral: 188223
    - Ancestral mismatch: 19583

First few skip examples:
  pos 80306: anc='.' (not ACGT)
  pos 113312: anc='.' (not ACGT)
  pos 113318: anc='.' (not ACGT)
  pos 113319: anc='.' (not ACGT)
  pos 113320: anc='.' (not ACGT)
============================================================
