Loaded recomb map: 38449 positions, range 551632-89582172 bp
Opening ancestral FASTA: /home/vanbruggenmit/mit-ihh-pib/data/grch38/raw/homo_sapiens_ancestor_GRCh38/homo_sapiens_ancestor_16.fa
Available chromosomes in FASTA: ['ANCESTOR_for_chromosome:GRCh38:16:1:90338345:1']...
...processed 100000 SNPs (kept 100000, skipped 12238)
...processed 200000 SNPs (kept 200000, skipped 17740)
...processed 300000 SNPs (kept 300000, skipped 21928)
...processed 400000 SNPs (kept 400000, skipped 25899)
...processed 500000 SNPs (kept 500000, skipped 31077)
...processed 600000 SNPs (kept 600000, skipped 49992)
...processed 700000 SNPs (kept 700000, skipped 63810)
...processed 800000 SNPs (kept 800000, skipped 69605)
...processed 900000 SNPs (kept 900000, skipped 145850)
...processed 1000000 SNPs (kept 1000000, skipped 182503)
...processed 1100000 SNPs (kept 1100000, skipped 186655)
...processed 1200000 SNPs (kept 1200000, skipped 191535)
...processed 1300000 SNPs (kept 1300000, skipped 195911)
...processed 1400000 SNPs (kept 1400000, skipped 199686)
...processed 1500000 SNPs (kept 1500000, skipped 208518)
...processed 1600000 SNPs (kept 1600000, skipped 216087)
...processed 1700000 SNPs (kept 1700000, skipped 218955)
...processed 1800000 SNPs (kept 1800000, skipped 222226)
...processed 1900000 SNPs (kept 1900000, skipped 225803)
...processed 2000000 SNPs (kept 2000000, skipped 230367)
...processed 2100000 SNPs (kept 2100000, skipped 240018)

============================================================
SUMMARY:
  Total processed: 2120931
  Kept: 2120931
  Skipped: 245183
    - No/invalid ancestral: 220641
    - Ancestral mismatch: 24542

First few skip examples:
  pos 10112: anc='.' (not ACGT)
  pos 10164: anc='.' (not ACGT)
  pos 10170: anc='.' (not ACGT)
  pos 10180: anc='.' (not ACGT)
  pos 10198: anc='.' (not ACGT)
============================================================
