Traceback (most recent call last):
  File "/faststorage/project/mit-ihh-pib/people/vanbruggenmit/mit-ihh-pib/scripts/01_identify_ihs_candidates.py", line 78, in <module>
    chr_data['pos'] = location_parts[1].astype(int)
                      ~~~~~~~~~~~~~~~~~~~~~~~~^^^^^
  File "/home/vanbruggenmit/.pixi-detached-envs/mit-ihh-pib-16785450186575381143/envs/default/lib/python3.13/site-packages/pandas/core/generic.py", line 6662, in astype
    new_data = self._mgr.astype(dtype=dtype, copy=copy, errors=errors)
  File "/home/vanbruggenmit/.pixi-detached-envs/mit-ihh-pib-16785450186575381143/envs/default/lib/python3.13/site-packages/pandas/core/internals/managers.py", line 430, in astype
    return self.apply(
           ~~~~~~~~~~^
        "astype",
        ^^^^^^^^^
    ...<3 lines>...
        using_cow=using_copy_on_write(),
        ^^^^^^^^^^^^^^^^^^^^^^^^^^^^^^^^
    )
    ^
  File "/home/vanbruggenmit/.pixi-detached-envs/mit-ihh-pib-16785450186575381143/envs/default/lib/python3.13/site-packages/pandas/core/internals/managers.py", line 363, in apply
    applied = getattr(b, f)(**kwargs)
  File "/home/vanbruggenmit/.pixi-detached-envs/mit-ihh-pib-16785450186575381143/envs/default/lib/python3.13/site-packages/pandas/core/internals/blocks.py", line 784, in astype
    new_values = astype_array_safe(values, dtype, copy=copy, errors=errors)
  File "/home/vanbruggenmit/.pixi-detached-envs/mit-ihh-pib-16785450186575381143/envs/default/lib/python3.13/site-packages/pandas/core/dtypes/astype.py", line 237, in astype_array_safe
    new_values = astype_array(values, dtype, copy=copy)
  File "/home/vanbruggenmit/.pixi-detached-envs/mit-ihh-pib-16785450186575381143/envs/default/lib/python3.13/site-packages/pandas/core/dtypes/astype.py", line 182, in astype_array
    values = _astype_nansafe(values, dtype, copy=copy)
  File "/home/vanbruggenmit/.pixi-detached-envs/mit-ihh-pib-16785450186575381143/envs/default/lib/python3.13/site-packages/pandas/core/dtypes/astype.py", line 133, in _astype_nansafe
    return arr.astype(dtype, copy=True)
           ~~~~~~~~~~^^^^^^^^^^^^^^^^^^
ValueError: invalid literal for int() with base 10: '14158687_T_C'
