==========================================
Downloading and converting chromosome X
==========================================
VCF already exists: /home/vanbruggenmit/mit-ihh-pib/data/grch38/raw/chrX/chrX.vcf.gz

Converting VCF to HAP/LEGEND format...

✓ Conversion complete for chrX
  HAP: /home/vanbruggenmit/mit-ihh-pib/data/grch38/work/chrX/chrX.impute.hap.gz
  LEGEND: /home/vanbruggenmit/mit-ihh-pib/data/grch38/work/chrX/chrX.impute.legend.gz
-rw-rw-r-- 1 vanbruggenmit mit-ihh-pib 350M Oct 14 10:39 /home/vanbruggenmit/mit-ihh-pib/data/grch38/work/chrX/chrX.impute.hap.gz
-rw-rw-r-- 1 vanbruggenmit mit-ihh-pib  44M Oct 14 10:40 /home/vanbruggenmit/mit-ihh-pib/data/grch38/work/chrX/chrX.impute.legend
-rw-rw-r-- 1 vanbruggenmit mit-ihh-pib  11M Oct 14 09:27 /home/vanbruggenmit/mit-ihh-pib/data/grch38/work/chrX/chrX.impute.legend.gz

==========================================
Verifying recombination map for chrX
==========================================
✓ Found adjusted chrX recombination map: /home/vanbruggenmit/mit-ihh-pib/data/grch38/maps/chrX.decode.sexavg.cm.tsv
  Positions: 23976
  Total genetic length (2/3 adjusted): 117.255 cM

==========================================
All processing complete for chromosome X
==========================================

Files ready:
  HAP: /home/vanbruggenmit/mit-ihh-pib/data/grch38/work/chrX/chrX.impute.hap.gz
  LEGEND: /home/vanbruggenmit/mit-ihh-pib/data/grch38/work/chrX/chrX.impute.legend.gz
  MAP (2/3 adjusted): /home/vanbruggenmit/mit-ihh-pib/data/grch38/maps/chrX.decode.sexavg.cm.tsv

Next step: sbatch hapbin_chrX.sh
